---
source: src/parse.rs
expression: instrs
---
Ok(
    [
        (
            Right,
            0..1,
        ),
        (
            Add,
            1..2,
        ),
        (
            Left,
            2..3,
        ),
        (
            Add,
            3..4,
        ),
        (
            Add,
            4..5,
        ),
        (
            Loop(
                [
                    (
                        Sub,
                        6..7,
                    ),
                ],
            ),
            5..8,
        ),
        (
            Out,
            8..9,
        ),
    ],
)
