---
source: src/parse.rs
expression: instrs
---
Ok(
    [
        (
            Add,
            0..1,
        ),
        (
            Loop(
                [
                    (
                        Sub,
                        2..3,
                    ),
                    (
                        Loop(
                            [
                                (
                                    Sub,
                                    4..5,
                                ),
                                (
                                    Loop(
                                        [
                                            (
                                                Sub,
                                                6..7,
                                            ),
                                        ],
                                    ),
                                    5..8,
                                ),
                            ],
                        ),
                        3..9,
                    ),
                    (
                        Add,
                        9..10,
                    ),
                    (
                        Right,
                        10..11,
                    ),
                    (
                        Right,
                        11..12,
                    ),
                    (
                        Right,
                        12..13,
                    ),
                ],
            ),
            1..14,
        ),
    ],
)
