---
source: src/parse.rs
assertion_line: 132
expression: instrs
---
Ok(
    [
        (
            Add,
            Span {
                start: 0,
                len: 1,
            },
        ),
        (
            Loop(
                [
                    (
                        Sub,
                        Span {
                            start: 2,
                            len: 1,
                        },
                    ),
                    (
                        Loop(
                            [
                                (
                                    Sub,
                                    Span {
                                        start: 4,
                                        len: 1,
                                    },
                                ),
                                (
                                    Loop(
                                        [
                                            (
                                                Sub,
                                                Span {
                                                    start: 6,
                                                    len: 1,
                                                },
                                            ),
                                        ],
                                    ),
                                    Span {
                                        start: 5,
                                        len: 2,
                                    },
                                ),
                            ],
                        ),
                        Span {
                            start: 3,
                            len: 5,
                        },
                    ),
                    (
                        Add,
                        Span {
                            start: 9,
                            len: 1,
                        },
                    ),
                    (
                        Right,
                        Span {
                            start: 10,
                            len: 1,
                        },
                    ),
                    (
                        Right,
                        Span {
                            start: 11,
                            len: 1,
                        },
                    ),
                    (
                        Right,
                        Span {
                            start: 12,
                            len: 1,
                        },
                    ),
                ],
            ),
            Span {
                start: 1,
                len: 12,
            },
        ),
    ],
)
